AR mux_8x1_vhdl behavioral "D:/COA Assignments and codes/Mux_8X1_Assignment/Mux_8X1_VHDL.vhd" sub00/vhpl01 1641588298
EN mux_8x1_vhdl NULL "D:/COA Assignments and codes/Mux_8X1_Assignment/Mux_8X1_VHDL.vhd" sub00/vhpl00 1641588297
AR mux_8x1_testbench testbench_arch "D:/COA Assignments and codes/Mux_8X1_Assignment/Mux_8X1_TestBench.ant" sub00/vhpl03 1641588387
EN mux_8x1_testbench NULL "D:/COA Assignments and codes/Mux_8X1_Assignment/Mux_8X1_TestBench.ant" sub00/vhpl02 1641588386
