V3 3
FL "D:/COA Assignments and codes/Mux_2X1_Assignment/Mux_2X1_VHDL.vhd" 2022/01/07.12:05:44 I.24
EN work/Mux_2X1_VHDL 1641537388 \
      FL "D:/COA Assignments and codes/Mux_2X1_Assignment/Mux_2X1_VHDL.vhd" \
      PB ieee/std_logic_1164 1131108373 PB ieee/std_logic_arith 1131108375 \
      PB ieee/STD_LOGIC_UNSIGNED 1131108379
AR work/Mux_2X1_VHDL/Behavioral 1641537389 \
      FL "D:/COA Assignments and codes/Mux_2X1_Assignment/Mux_2X1_VHDL.vhd" \
      EN work/Mux_2X1_VHDL 1641537388
