AR mux_four_one_vhdl behavioral "D:/COA Assignments and codes/Multiplexer/Mux_4X1_VHDL.vhd" sub00/vhpl01 1641535951
EN mux_four_one_vhdl NULL "D:/COA Assignments and codes/Multiplexer/Mux_4X1_VHDL.vhd" sub00/vhpl00 1641535950
AR mux_2x1_vhdl behavioral "D:/COA Assignments and codes/Multiplexer/Mux_2X1_VHDL.vhd" sub00/vhpl03 1641535948
AR mux_8x1_vhdl behavioral "D:/COA Assignments and codes/Multiplexer/Mux_8X1_VHDL.vhd" sub00/vhpl05 1641535943
EN mux_8x1_vhdl NULL "D:/COA Assignments and codes/Multiplexer/Mux_8X1_VHDL.vhd" sub00/vhpl04 1641535942
EN mux_2x1_vhdl NULL "D:/COA Assignments and codes/Multiplexer/Mux_2X1_VHDL.vhd" sub00/vhpl02 1641535947
