Release 8.1i - xst I.24
Copyright (c) 1995-2005 Xilinx, Inc.  All rights reserved.
--> Parameter TMPDIR set to ./xst/projnav.tmp
CPU : 0.00 / 0.08 s | Elapsed : 0.00 / 0.00 s
 
--> Parameter xsthdpdir set to ./xst
CPU : 0.00 / 0.08 s | Elapsed : 0.00 / 0.00 s
 
--> Reading design: Mux_Four_One_VHDL.prj

TABLE OF CONTENTS
  1) Synthesis Options Summary
  2) HDL Compilation
  3) HDL Analysis
  4) HDL Synthesis
     4.1) HDL Synthesis Report
  5) Advanced HDL Synthesis
     5.1) Advanced HDL Synthesis Report
  6) Low Level Synthesis
  7) Final Report
     7.1) Device utilization summary
     7.2) TIMING REPORT


=========================================================================
*                      Synthesis Options Summary                        *
=========================================================================
---- Source Parameters
Input File Name                    : "Mux_Four_One_VHDL.prj"
Input Format                       : mixed
Ignore Synthesis Constraint File   : NO

---- Target Parameters
Output File Name                   : "Mux_Four_One_VHDL"
Output Format                      : NGC
Target Device                      : xc3s500e-4-fg320

---- Source Options
Top Module Name                    : Mux_Four_One_VHDL
Automatic FSM Extraction           : YES
FSM Encoding Algorithm             : Auto
FSM Style                          : lut
RAM Extraction                     : Yes
RAM Style                          : Auto
ROM Extraction                     : Yes
Mux Style                          : Auto
Decoder Extraction                 : YES
Priority Encoder Extraction        : YES
Shift Register Extraction          : YES
Logical Shifter Extraction         : YES
XOR Collapsing                     : YES
ROM Style                          : Auto
Mux Extraction                     : YES
Resource Sharing                   : YES
Multiplier Style                   : auto
Automatic Register Balancing       : No

---- Target Options
Add IO Buffers                     : YES
Global Maximum Fanout              : 500
Add Generic Clock Buffer(BUFG)     : 8
Register Duplication               : YES
Slice Packing                      : YES
Pack IO Registers into IOBs        : auto
Equivalent register Removal        : YES

---- General Options
Optimization Goal                  : Speed
Optimization Effort                : 1
Keep Hierarchy                     : NO
RTL Output                         : Yes
Global Optimization                : AllClockNets
Write Timing Constraints           : NO
Hierarchy Separator                : /
Bus Delimiter                      : <>
Case Specifier                     : maintain
Slice Utilization Ratio            : 100
Slice Utilization Ratio Delta      : 5

---- Other Options
lso                                : Mux_Four_One_VHDL.lso
Read Cores                         : YES
cross_clock_analysis               : NO
verilog2001                        : YES
safe_implementation                : No
Optimize Instantiated Primitives   : NO
use_clock_enable                   : Yes
use_sync_set                       : Yes
use_sync_reset                     : Yes

=========================================================================


=========================================================================
*                          HDL Compilation                              *
=========================================================================
Compiling vhdl file "D:/COA Assignments and codes/Multiplexer/Mux_4X1_VHDL.vhd" in Library work.
Architecture behavioral of Entity mux_four_one_vhdl is up to date.

=========================================================================
*                            HDL Analysis                               *
=========================================================================
Analyzing Entity <Mux_Four_One_VHDL> (Architecture <behavioral>).
WARNING:Xst:766 - "D:/COA Assignments and codes/Multiplexer/Mux_4X1_VHDL.vhd" line 47: Generating a Black Box for component <Mux2x1>.
WARNING:Xst:766 - "D:/COA Assignments and codes/Multiplexer/Mux_4X1_VHDL.vhd" line 48: Generating a Black Box for component <Mux2x1>.
WARNING:Xst:766 - "D:/COA Assignments and codes/Multiplexer/Mux_4X1_VHDL.vhd" line 49: Generating a Black Box for component <Mux2x1>.
Entity <Mux_Four_One_VHDL> analyzed. Unit <Mux_Four_One_VHDL> generated.


=========================================================================
*                           HDL Synthesis                               *
=========================================================================

Synthesizing Unit <Mux_Four_One_VHDL>.
    Related source file is "D:/COA Assignments and codes/Multiplexer/Mux_4X1_VHDL.vhd".
Unit <Mux_Four_One_VHDL> synthesized.


=========================================================================
HDL Synthesis Report

Found no macro
=========================================================================

=========================================================================
*                       Advanced HDL Synthesis                          *
=========================================================================


=========================================================================
Advanced HDL Synthesis Report

Found no macro
=========================================================================

=========================================================================
*                         Low Level Synthesis                           *
=========================================================================
Loading device for application Rf_Device from file '3s500e.nph' in environment D:\Xlinx.

Optimizing unit <Mux_Four_One_VHDL> ...

Mapping all equations...
WARNING:Xst:2036 - Inserting OBUF on port <F> driven by black box <Mux2x1>. Possible simulation mismatch.
Building and optimizing final netlist ...
Found area constraint ratio of 100 (+ 5) on block Mux_Four_One_VHDL, actual ratio is 0.

=========================================================================
*                            Final Report                               *
=========================================================================
Final Results
RTL Top Level Output File Name     : Mux_Four_One_VHDL.ngr
Top Level Output File Name         : Mux_Four_One_VHDL
Output Format                      : NGC
Optimization Goal                  : Speed
Keep Hierarchy                     : NO

Design Statistics
# IOs                              : 7

Cell Usage :
# IO Buffers                       : 7
#      IBUF                        : 6
#      OBUF                        : 1
# Others                           : 3
#      Mux2x1                      : 3
=========================================================================

Device utilization summary:
---------------------------

Selected Device : 3s500efg320-4 

 Number of bonded IOBs:                  7  out of    232     3%  


=========================================================================
TIMING REPORT

NOTE: THESE TIMING NUMBERS ARE ONLY A SYNTHESIS ESTIMATE.
      FOR ACCURATE TIMING INFORMATION PLEASE REFER TO THE TRACE REPORT
      GENERATED AFTER PLACE-and-ROUTE.

Clock Information:
------------------
No clock signals found in this design

Timing Summary:
---------------
Speed Grade: -4

   Minimum period: No path found
   Minimum input arrival time before clock: No path found
   Maximum output required time after clock: No path found
   Maximum combinational path delay: 4.073ns

Timing Detail:
--------------
All values displayed in nanoseconds (ns)

=========================================================================
Timing constraint: Default path analysis
  Total number of paths / destination ports: 10 / 10
-------------------------------------------------------------------------
Delay:               4.073ns (Levels of Logic = 1)
  Source:            M3:F (PAD)
  Destination:       F (PAD)

  Data Path: M3:F to F
                                Gate     Net
    Cell:in->out      fanout   Delay   Delay  Logical Name (Net Name)
    ----------------------------------------  ------------
    Mux2x1:F               1   0.000   0.801  M3 (F_OBUF)
     OBUF:I->O                 3.272          F_OBUF (F)
    ----------------------------------------
    Total                      4.073ns (3.272ns logic, 0.801ns route)
                                       (80.3% logic, 19.7% route)

=========================================================================
CPU : 1.80 / 1.89 s | Elapsed : 2.00 / 2.00 s
 
--> 

Total memory usage is 174380 kilobytes

Number of errors   :    0 (   0 filtered)
Number of warnings :    4 (   0 filtered)
Number of infos    :    0 (   0 filtered)

