V3 3
FL "D:/COA Assignments and codes/Demux_8X1_withTable/Demux_1X8_VHDL.vhd" 2022/01/07.12:18:00 I.24
EN work/Demux_1X8_VHDL 1641538189 \
      FL "D:/COA Assignments and codes/Demux_8X1_withTable/Demux_1X8_VHDL.vhd" \
      PB ieee/std_logic_1164 1131108373 PB ieee/std_logic_arith 1131108375 \
      PB ieee/STD_LOGIC_UNSIGNED 1131108379
AR work/Demux_1X8_VHDL/Behavioral 1641538190 \
      FL "D:/COA Assignments and codes/Demux_8X1_withTable/Demux_1X8_VHDL.vhd" \
      EN work/Demux_1X8_VHDL 1641538189
