V3 3
FL "D:/COA Assignments and codes/Half_Substractor/Half_substractor_VHDL.vhd" 2021/12/06.01:12:13 I.24
EN work/Half_substractor_VHDL 1641498988 \
      FL "D:/COA Assignments and codes/Half_Substractor/Half_substractor_VHDL.vhd" \
      PB ieee/std_logic_1164 1131108373 PB ieee/std_logic_arith 1131108375 \
      PB ieee/STD_LOGIC_UNSIGNED 1131108379
AR work/Half_substractor_VHDL/Behavioral 1641498989 \
      FL "D:/COA Assignments and codes/Half_Substractor/Half_substractor_VHDL.vhd" \
      EN work/Half_substractor_VHDL 1641498988
