AR full_substractor_vhdl behavioral "D:/COA Assignments and codes/Full_substractor/Full_Substractor_VHDL.vhd" sub00/vhpl01 1641390390
AR full_substractor_wave testbench_arch "D:/COA Assignments and codes/Full_substractor/Full_substractor_Wave.ant" sub00/vhpl03 1641390392
EN full_substractor_vhdl NULL "D:/COA Assignments and codes/Full_substractor/Full_Substractor_VHDL.vhd" sub00/vhpl00 1641390389
EN full_substractor_wave NULL "D:/COA Assignments and codes/Full_substractor/Full_substractor_Wave.ant" sub00/vhpl02 1641390391
