EN fa NULL "D:/COA Assignments and codes/FourBitAdder/FourBit_Adder_VHDL.vhd" sub00/vhpl02 1641498179
AR fourbit_adder_testbench testbench_arch "D:/COA Assignments and codes/FourBitAdder/FourBit_Adder_TestBench.ant" sub00/vhpl05 1641498182
AR fa fa_arch "D:/COA Assignments and codes/FourBitAdder/FourBit_Adder_VHDL.vhd" sub00/vhpl03 1641498180
EN fourbit_adder_testbench NULL "D:/COA Assignments and codes/FourBitAdder/FourBit_Adder_TestBench.ant" sub00/vhpl04 1641498181
AR fourbit_adder_vhdl behavioral "D:/COA Assignments and codes/FourBitAdder/FourBit_Adder_VHDL.vhd" sub00/vhpl01 1641498178
EN fourbit_adder_vhdl NULL "D:/COA Assignments and codes/FourBitAdder/FourBit_Adder_VHDL.vhd" sub00/vhpl00 1641498177
