AR assignment1 behavioral D:/Xlinx/lab_assignment_1/Assignment1.vhd sub00/vhpl01 1637308512
AR assignment_1_testbench testbench_arch D:/Xlinx/lab_assignment_1/Assignment_1_TestBench.ant sub00/vhpl03 1638773675
EN assignment_1_testbench NULL D:/Xlinx/lab_assignment_1/Assignment_1_TestBench.ant sub00/vhpl02 1638773674
EN assignment1 NULL D:/Xlinx/lab_assignment_1/Assignment1.vhd sub00/vhpl00 1637308511
