V3 3
FL "D:/COA Assignments and codes/Demux_Eight_to_One/Eight_One_Demux_VHDL.vhd" 2022/01/05.13:46:00 I.24
EN work/Eight_One_Demux_VHDL 1641537935 \
      FL "D:/COA Assignments and codes/Demux_Eight_to_One/Eight_One_Demux_VHDL.vhd" \
      PB ieee/std_logic_1164 1131108373 PB ieee/std_logic_arith 1131108375 \
      PB ieee/STD_LOGIC_UNSIGNED 1131108379
AR work/Eight_One_Demux_VHDL/Behavioral 1641537936 \
      FL "D:/COA Assignments and codes/Demux_Eight_to_One/Eight_One_Demux_VHDL.vhd" \
      EN work/Eight_One_Demux_VHDL 1641537935
