EN eightbit_adder_vhdl NULL "D:/COA Assignments and codes/EightBit_Adder/EightBit_Adder_VHDL.vhd" sub00/vhpl00 1641538637
AR eightbit_adder_vhdl behavioral "D:/COA Assignments and codes/EightBit_Adder/EightBit_Adder_VHDL.vhd" sub00/vhpl03 1641538638
AR full_adder behavioral "D:/COA Assignments and codes/EightBit_Adder/EightBit_Adder_VHDL.vhd" sub00/vhpl02 1641538640
EN full_adder NULL "D:/COA Assignments and codes/EightBit_Adder/EightBit_Adder_VHDL.vhd" sub00/vhpl01 1641538639
