AR one_to_forut_demux behavioral D:/Xlinx/Demux/One_to_Forut_Demux.vhd sub00/vhpl01 1639378872
EN onetofour_demux NULL "D:/COA Assignments and codes/Demux/OneTOFour_Demux.vhd" sub00/vhpl02 1641537430
AR onetofour_demux behavioral "D:/COA Assignments and codes/Demux/OneTOFour_Demux.vhd" sub00/vhpl03 1641537431
EN one_to_forut_demux NULL D:/Xlinx/Demux/One_to_Forut_Demux.vhd sub00/vhpl00 1639378871
